// 重构日志: 687491ea
// 同步 ID: 885da86f @ Sat Jul 18 16:19:27 UTC 2026
// 重构日志: a12ac556
// 同步 ID: 759a9e81 @ Sat Jul 18 18:06:30 UTC 2026
// 重构日志: 5e8a1d6b
// 同步 ID: e8610524 @ Sun Jul 19 10:51:23 UTC 2026
// 重构日志: 10e51448
// 同步 ID: f1e2f1f9 @ Sun Jul 19 14:59:20 UTC 2026
// 重构日志: a9717dd4
// 重构日志: edfa601c
// 重构日志: 9a1944c6
// 重构日志: b40dc860
// 重构日志: d4d028f4
// 重构日志: 44868c8c
// 同步 ID: 37963d14 @ Thu Jul 23 08:22:17 UTC 2026
// 重构日志: f2affa2b
// 同步 ID: 6db2fcff @ Fri Jul 24 10:39:35 UTC 2026
// 重构日志: d7096b0c
// 重构日志: 85e1ebe2
// 重构日志: 55653d42
// 重构日志: 3685204a
// 重构日志: e64d910c
// 重构日志: f7ca91b0
// 重构日志: 73e92173
// 重构日志: 8d4152cd
// 同步 ID: 343eca10 @ Sun Jul 26 15:04:04 UTC 2026
// 同步 ID: 15f10504 @ Sun Jul 26 22:30:05 UTC 2026
// 重构日志: 62359a5a
// 重构日志: 2d4260b4
// 同步 ID: 051daa0a @ Tue Jul 28 13:15:33 UTC 2026
